{
    "columns": [
        "name",
        "schema",
        "size",
        "comment",
        "collation",
        "engine"
    ],
    "rows": [
        [
            "users",
            "<NULL>",
            "<NULL>",
            "<NULL>",
            "<NULL>",
            "<NULL>"
        ]
    ],
    "name": null,
    "total": null,
    "page": null,
    "last_page": null
}
